// Jest Snapshot v1, https://goo.gl/fbAQLP

exports[`Lambda Does the snapshot thing: CensusAPIDevStack-basic 1`] = `
Object {
  "Outputs": Object {
    "CensusEndpoint2A3F9C45": Object {
      "Value": Object {
        "Fn::Join": Array [
          "",
          Array [
            "https://",
            Object {
              "Ref": "Census06374A65",
            },
            ".execute-api.",
            Object {
              "Ref": "AWS::Region",
            },
            ".",
            Object {
              "Ref": "AWS::URLSuffix",
            },
            "/",
            Object {
              "Ref": "CensusDeploymentStageprodAD5A6255",
            },
            "/",
          ],
        ],
      },
    },
  },
  "Parameters": Object {
    "BootstrapVersion": Object {
      "Default": "/cdk-bootstrap/hnb659fds/version",
      "Description": "Version of the CDK Bootstrap resources in this environment, automatically retrieved from SSM Parameter Store. [cdk:skip]",
      "Type": "AWS::SSM::Parameter::Value<String>",
    },
  },
  "Resources": Object {
    "Census06374A65": Object {
      "Properties": Object {
        "Name": "Census",
      },
      "Type": "AWS::ApiGateway::RestApi",
    },
    "CensusAccountA10763DC": Object {
      "DependsOn": Array [
        "Census06374A65",
      ],
      "Properties": Object {
        "CloudWatchRoleArn": Object {
          "Fn::GetAtt": Array [
            "CensusCloudWatchRole61DFD17A",
            "Arn",
          ],
        },
      },
      "Type": "AWS::ApiGateway::Account",
    },
    "CensusCloudWatchRole61DFD17A": Object {
      "Properties": Object {
        "AssumeRolePolicyDocument": Object {
          "Statement": Array [
            Object {
              "Action": "sts:AssumeRole",
              "Effect": "Allow",
              "Principal": Object {
                "Service": "apigateway.amazonaws.com",
              },
            },
          ],
          "Version": "2012-10-17",
        },
        "ManagedPolicyArns": Array [
          Object {
            "Fn::Join": Array [
              "",
              Array [
                "arn:",
                Object {
                  "Ref": "AWS::Partition",
                },
                ":iam::aws:policy/service-role/AmazonAPIGatewayPushToCloudWatchLogs",
              ],
            ],
          },
        ],
      },
      "Type": "AWS::IAM::Role",
    },
    "CensusDeploymentC9A3DCD86eb481db8213a85091a87c222af3a213": Object {
      "DependsOn": Array [
        "CensushelloGET16A02370",
        "Censushello44D10716",
      ],
      "Properties": Object {
        "Description": "Automatically created by the RestApi construct",
        "RestApiId": Object {
          "Ref": "Census06374A65",
        },
      },
      "Type": "AWS::ApiGateway::Deployment",
    },
    "CensusDeploymentStageprodAD5A6255": Object {
      "DependsOn": Array [
        "CensusAccountA10763DC",
      ],
      "Properties": Object {
        "DeploymentId": Object {
          "Ref": "CensusDeploymentC9A3DCD86eb481db8213a85091a87c222af3a213",
        },
        "RestApiId": Object {
          "Ref": "Census06374A65",
        },
        "StageName": "prod",
      },
      "Type": "AWS::ApiGateway::Stage",
    },
    "Censushello44D10716": Object {
      "Properties": Object {
        "ParentId": Object {
          "Fn::GetAtt": Array [
            "Census06374A65",
            "RootResourceId",
          ],
        },
        "PathPart": "hello",
        "RestApiId": Object {
          "Ref": "Census06374A65",
        },
      },
      "Type": "AWS::ApiGateway::Resource",
    },
    "CensushelloGET16A02370": Object {
      "Properties": Object {
        "AuthorizationType": "NONE",
        "HttpMethod": "GET",
        "Integration": Object {
          "IntegrationHttpMethod": "POST",
          "Type": "AWS_PROXY",
          "Uri": Object {
            "Fn::Join": Array [
              "",
              Array [
                "arn:",
                Object {
                  "Ref": "AWS::Partition",
                },
                ":apigateway:",
                Object {
                  "Ref": "AWS::Region",
                },
                ":lambda:path/2015-03-31/functions/",
                Object {
                  "Fn::GetAtt": Array [
                    "helloworldfunction8252912C",
                    "Arn",
                  ],
                },
                "/invocations",
              ],
            ],
          },
        },
        "ResourceId": Object {
          "Ref": "Censushello44D10716",
        },
        "RestApiId": Object {
          "Ref": "Census06374A65",
        },
      },
      "Type": "AWS::ApiGateway::Method",
    },
    "CensushelloGETApiPermissionCensusAPIDevStackCensusA47A87F6GEThello22053947": Object {
      "Properties": Object {
        "Action": "lambda:InvokeFunction",
        "FunctionName": Object {
          "Fn::GetAtt": Array [
            "helloworldfunction8252912C",
            "Arn",
          ],
        },
        "Principal": "apigateway.amazonaws.com",
        "SourceArn": Object {
          "Fn::Join": Array [
            "",
            Array [
              "arn:",
              Object {
                "Ref": "AWS::Partition",
              },
              ":execute-api:",
              Object {
                "Ref": "AWS::Region",
              },
              ":",
              Object {
                "Ref": "AWS::AccountId",
              },
              ":",
              Object {
                "Ref": "Census06374A65",
              },
              "/",
              Object {
                "Ref": "CensusDeploymentStageprodAD5A6255",
              },
              "/GET/hello",
            ],
          ],
        },
      },
      "Type": "AWS::Lambda::Permission",
    },
    "CensushelloGETApiPermissionTestCensusAPIDevStackCensusA47A87F6GEThello4E32F076": Object {
      "Properties": Object {
        "Action": "lambda:InvokeFunction",
        "FunctionName": Object {
          "Fn::GetAtt": Array [
            "helloworldfunction8252912C",
            "Arn",
          ],
        },
        "Principal": "apigateway.amazonaws.com",
        "SourceArn": Object {
          "Fn::Join": Array [
            "",
            Array [
              "arn:",
              Object {
                "Ref": "AWS::Partition",
              },
              ":execute-api:",
              Object {
                "Ref": "AWS::Region",
              },
              ":",
              Object {
                "Ref": "AWS::AccountId",
              },
              ":",
              Object {
                "Ref": "Census06374A65",
              },
              "/test-invoke-stage/GET/hello",
            ],
          ],
        },
      },
      "Type": "AWS::Lambda::Permission",
    },
    "helloworldfunction8252912C": Object {
      "DependsOn": Array [
        "helloworldfunctionServiceRole0327FCC6",
      ],
      "Properties": Object {
        "Code": Object {
          "S3Bucket": Object {
            "Fn::Sub": "cdk-hnb659fds-assets-\${AWS::AccountId}-\${AWS::Region}",
          },
          "S3Key": "76babd9f48ebe013407eb0356e95cc14de838e3d848da3ed1bf75c1f0d14ecde.zip",
        },
        "Environment": Object {
          "Variables": Object {
            "AWS_NODEJS_CONNECTION_REUSE_ENABLED": "1",
          },
        },
        "Handler": "index.main",
        "MemorySize": 1024,
        "Role": Object {
          "Fn::GetAtt": Array [
            "helloworldfunctionServiceRole0327FCC6",
            "Arn",
          ],
        },
        "Runtime": "nodejs14.x",
        "Timeout": 5,
      },
      "Type": "AWS::Lambda::Function",
    },
    "helloworldfunctionServiceRole0327FCC6": Object {
      "Properties": Object {
        "AssumeRolePolicyDocument": Object {
          "Statement": Array [
            Object {
              "Action": "sts:AssumeRole",
              "Effect": "Allow",
              "Principal": Object {
                "Service": "lambda.amazonaws.com",
              },
            },
          ],
          "Version": "2012-10-17",
        },
        "ManagedPolicyArns": Array [
          Object {
            "Fn::Join": Array [
              "",
              Array [
                "arn:",
                Object {
                  "Ref": "AWS::Partition",
                },
                ":iam::aws:policy/service-role/AWSLambdaBasicExecutionRole",
              ],
            ],
          },
        ],
      },
      "Type": "AWS::IAM::Role",
    },
  },
  "Rules": Object {
    "CheckBootstrapVersion": Object {
      "Assertions": Array [
        Object {
          "Assert": Object {
            "Fn::Not": Array [
              Object {
                "Fn::Contains": Array [
                  Array [
                    "1",
                    "2",
                    "3",
                    "4",
                    "5",
                  ],
                  Object {
                    "Ref": "BootstrapVersion",
                  },
                ],
              },
            ],
          },
          "AssertDescription": "CDK bootstrap stack version 6 required. Please run 'cdk bootstrap' with a recent version of the CDK CLI.",
        },
      ],
    },
  },
}
`;
